// Jest Snapshot v1, https://goo.gl/fbAQLP

exports[`matches its snapshot 1`] = `
Object {
  "asFragment": [Function],
  "baseElement": <body>
    <div>
      <div
        class="ui card"
      >
        <div
          class="content"
        >
          <div
            class="card-controls"
          >
            <div>
              <div
                aria-expanded="false"
                class="ui inline search dropdown"
                data-testid="currency-selector-main"
                role="combobox"
              >
                <input
                  aria-autocomplete="list"
                  autocomplete="off"
                  class="search"
                  tabindex="0"
                  type="text"
                  value=""
                />
                <div
                  aria-atomic="true"
                  aria-live="polite"
                  class="divider text"
                  role="alert"
                >
                  <i
                    class="uk flag"
                  />
                  GBP
                </div>
                <i
                  aria-hidden="true"
                  class="dropdown icon"
                />
                <div
                  class="menu transition"
                  role="listbox"
                >
                  <div
                    aria-checked="false"
                    aria-selected="false"
                    class="item"
                    role="option"
                    style="pointer-events: all;"
                  >
                    <i
                      class="eu flag"
                    />
                    <span
                      class="text"
                    >
                      EUR
                    </span>
                  </div>
                  <div
                    aria-checked="true"
                    aria-selected="true"
                    class="active selected item"
                    role="option"
                    style="pointer-events: all;"
                  >
                    <i
                      class="uk flag"
                    />
                    <span
                      class="text"
                    >
                      GBP
                    </span>
                  </div>
                  <div
                    aria-checked="false"
                    aria-selected="false"
                    class="item"
                    role="option"
                    style="pointer-events: all;"
                  >
                    <i
                      class="us flag"
                    />
                    <span
                      class="text"
                    >
                      USD
                    </span>
                  </div>
                </div>
              </div>
            </div>
            <div>
              <div>
                <div
                  class="ui large transparent input currency-input"
                  data-testid="currency-input-main"
                >
                  <input
                    placeholder="0"
                    type="text"
                    value="1"
                  />
                </div>
              </div>
            </div>
          </div>
          <div>
            <div
              class="meta"
              data-testid="main-wallet"
            >
              
      Balance: 
      £
      10.00
    
            </div>
            <div
              class="ui red basic label"
              data-testid="error-label-main"
            >
              exeeds ballance
            </div>
          </div>
        </div>
      </div>
    </div>
  </body>,
  "container": <div>
    <div
      class="ui card"
    >
      <div
        class="content"
      >
        <div
          class="card-controls"
        >
          <div>
            <div
              aria-expanded="false"
              class="ui inline search dropdown"
              data-testid="currency-selector-main"
              role="combobox"
            >
              <input
                aria-autocomplete="list"
                autocomplete="off"
                class="search"
                tabindex="0"
                type="text"
                value=""
              />
              <div
                aria-atomic="true"
                aria-live="polite"
                class="divider text"
                role="alert"
              >
                <i
                  class="uk flag"
                />
                GBP
              </div>
              <i
                aria-hidden="true"
                class="dropdown icon"
              />
              <div
                class="menu transition"
                role="listbox"
              >
                <div
                  aria-checked="false"
                  aria-selected="false"
                  class="item"
                  role="option"
                  style="pointer-events: all;"
                >
                  <i
                    class="eu flag"
                  />
                  <span
                    class="text"
                  >
                    EUR
                  </span>
                </div>
                <div
                  aria-checked="true"
                  aria-selected="true"
                  class="active selected item"
                  role="option"
                  style="pointer-events: all;"
                >
                  <i
                    class="uk flag"
                  />
                  <span
                    class="text"
                  >
                    GBP
                  </span>
                </div>
                <div
                  aria-checked="false"
                  aria-selected="false"
                  class="item"
                  role="option"
                  style="pointer-events: all;"
                >
                  <i
                    class="us flag"
                  />
                  <span
                    class="text"
                  >
                    USD
                  </span>
                </div>
              </div>
            </div>
          </div>
          <div>
            <div>
              <div
                class="ui large transparent input currency-input"
                data-testid="currency-input-main"
              >
                <input
                  placeholder="0"
                  type="text"
                  value="1"
                />
              </div>
            </div>
          </div>
        </div>
        <div>
          <div
            class="meta"
            data-testid="main-wallet"
          >
            
      Balance: 
      £
      10.00
    
          </div>
          <div
            class="ui red basic label"
            data-testid="error-label-main"
          >
            exeeds ballance
          </div>
        </div>
      </div>
    </div>
  </div>,
  "debug": [Function],
  "findAllByAltText": [Function],
  "findAllByDisplayValue": [Function],
  "findAllByLabelText": [Function],
  "findAllByPlaceholderText": [Function],
  "findAllByRole": [Function],
  "findAllByTestId": [Function],
  "findAllByText": [Function],
  "findAllByTitle": [Function],
  "findByAltText": [Function],
  "findByDisplayValue": [Function],
  "findByLabelText": [Function],
  "findByPlaceholderText": [Function],
  "findByRole": [Function],
  "findByTestId": [Function],
  "findByText": [Function],
  "findByTitle": [Function],
  "getAllByAltText": [Function],
  "getAllByDisplayValue": [Function],
  "getAllByLabelText": [Function],
  "getAllByPlaceholderText": [Function],
  "getAllByRole": [Function],
  "getAllByTestId": [Function],
  "getAllByText": [Function],
  "getAllByTitle": [Function],
  "getByAltText": [Function],
  "getByDisplayValue": [Function],
  "getByLabelText": [Function],
  "getByPlaceholderText": [Function],
  "getByRole": [Function],
  "getByTestId": [Function],
  "getByText": [Function],
  "getByTitle": [Function],
  "queryAllByAltText": [Function],
  "queryAllByDisplayValue": [Function],
  "queryAllByLabelText": [Function],
  "queryAllByPlaceholderText": [Function],
  "queryAllByRole": [Function],
  "queryAllByTestId": [Function],
  "queryAllByText": [Function],
  "queryAllByTitle": [Function],
  "queryByAltText": [Function],
  "queryByDisplayValue": [Function],
  "queryByLabelText": [Function],
  "queryByPlaceholderText": [Function],
  "queryByRole": [Function],
  "queryByTestId": [Function],
  "queryByText": [Function],
  "queryByTitle": [Function],
  "rerender": [Function],
  "unmount": [Function],
}
`;
